// Jest Snapshot v1, https://goo.gl/fbAQLP

exports[`EuiComboBox // NVDA should navigate and announce correct options 1`] = `"["","dialog, You are in a dialog. Press Escape, or tap slash click outside the dialog to close.. Choose from the following options, list. Item 1, 1 of 10","Item 2, 2 of 10","Item 1, 1 of 10","Item 10, 10 of 10"]"`;
